.. _adrv9002-zcu102:

ZCU102 Quick start
===============================================================================

.. image:: ../../images/zcu102.jpg
   :width: 800

This guide provides quick instructions on how to setup the
:adi:`EVAL-ADRV9002` on:

- :xilinx:`ZCU102` on FMC HPC0

Instructions on how to build the ZynqMP / MPSoC Linux kernel and device trees
from source can be found at
:git-linux:`arch/arm64/boot/dts/xilinx` and in the
`ADI Linux build guide <https://analogdevicesinc.github.io/linux/build/generic/zynqmp.html>`__.

Using Linux as software
-------------------------------------------------------------------------------

Necessary files
~~~~~~~~~~~~~~~~~~~~~~~~~~~~~~~~~~~~~~~~~~~~~~~~~~~~~~~~~~~~~~~~~~~~~~~~~~~~~~~

.. note::

  The SD card includes several folders in the root directory of the BOOT
  partition. In order to configure the SD card to work with a specific FPGA
  board and ADI hardware, several files must be copied onto the root
  directory. Using the host PC, drag and drop the required files onto the
  BOOT partition, and use the EJECT function when removing the SD card from
  the reader.

The following files are needed for the system to boot:

- HDL boot image:  ``BOOT.bin``
- Linux Kernel image: ``Image``
- Linux device tree: ``system.dtb``

They can either be taken from the SD card -- already generated by us, or you
can build them manually:

- Instructions on how to choose the boot files from the SD card can be found
  in the **Platform-Specific Manual Steps** section from here :external+kuiper:ref:`hardware-configuration`.
- Instructions on how to manually build the boot files from source can be
  found here:

- :ref:`linux-kernel zynqmp`
- :external+hdl:ref:`adrv9001` build documentation. More HDL build
  details at :external+hdl:ref:`build_hdl`.

.. important::

   Some projects provide multiple devicetree files in the SD card's boot
   folders. Make sure you select the devicetree that matches your specific
   use case.

Required software
~~~~~~~~~~~~~~~~~~~~~~~~~~~~~~~~~~~~~~~~~~~~~~~~~~~~~~~~~~~~~~~~~~~~~~~~~~~~~~~

- SD Card 16GB imaged with :external+kuiper:doc:`Kuiper <index>`
- A UART terminal (Putty/Tera Term/Minicom, etc.) with baud rate 115200
  (8N1)

Required hardware
~~~~~~~~~~~~~~~~~~~~~~~~~~~~~~~~~~~~~~~~~~~~~~~~~~~~~~~~~~~~~~~~~~~~~~~~~~~~~~~

- :xilinx:`ZCU102 <products/boards-and-kits/ek-u1-zcu102-g.html>` Rev 1.0 or
  later board and its power supply
- :adi:`EVAL-ADRV9002` FMC board
- SD card with at least 16GB of memory
- Micro-USB cable
- Ethernet cable
- Signal generator
- Signal analyzer
- Signal synthesizer (required only if using external clock source)
- 1x SMA cable for signal generator
- 1x SMA cable for signal analyzer
- 1x SMA cable for signal synthesizer (if using external clock)
- (Optional) USB keyboard & mouse and a HDMI compatible monitor

More details as to why you need these, can be found at
:ref:`adrv9002 prerequisites`.

Testing
~~~~~~~~~~~~~~~~~~~~~~~~~~~~~~~~~~~~~~~~~~~~~~~~~~~~~~~~~~~~~~~~~~~~~~~~~~~~~~~

Creating the setup
^^^^^^^^^^^^^^^^^^^^^^^^^^^^^^^^^^^^^^^^^^^^^^^^^^^^^^^^^^^^^^^^^^^^^^^^^^^^^^^

.. image:: ../images/adrv9002_zcu102_quickstart.png
   :width: 900

.. esd-warning::

Follow the steps in this order, to avoid damaging the components:

#. Connect the :adi:`EVAL-ADRV9002` FMC board to the FPGA carrier **HPC0** FMC
   socket (J5).
#. On the FMC card, set the switch to select clock source between:

   #. an on-board 38.4 MHz VCTCXO (default)
   #. external (via J501) 10 MHz to 1000 MHz / +13 dBm

#. Connect USB UART (Micro-USB) to your host PC (J83).
#. Insert SD card into socket (J100).

   .. image:: ../../images/zcu102_1p0_bootmode.jpg
      :width: 400

#. Configure ZCU102 for SD BOOT (mode SW6[4:1] switch in the position
   **4-OFF, 3-OFF, 2-OFF, 1-ON**).
#. Connect the power supply for the FPGA
#. Turn on the power switch on the FPGA board.
#. Observe kernel and serial console messages on your terminal (use the first
   ttyUSB or COM port registered).

.. collapsible:: Optional: Local display connection (keyboard, mouse, monitor)

   You can also connect a monitor, keyboard and mouse directly to the board
   for a local connection. The UART connection is still recommended for
   debugging purposes. For the local connection, follow these additional
   steps:

   -  Plug your HDMI display device into the HDMI Video Connector (P7).
   -  Plug your USB mouse/keyboard into the USB 2.0 ULPI Controller, w/ Micro-B
      Connector (J96). You will have to use a USB hub to connect both mouse and
      keyboard. Some keyboards have a mouse or touch pad sharing the same USB
      connection or wireless dongle. This can be used to eliminate the use of a
      USB hub.
   -  Wait another ~30 seconds for the HDMI display device to start showing
      signs of life.

   .. note::

      The USB 2.0 circuit requires specific jumper settings for OTG mode.
      Ensure the following jumper settings on the ZCU102 board
      (these are the defaults; verify them if USB is not working):

      * J7 → ON
      * J109 → Shunt pins 1–2
      * J110 → Shunt pins 1–2
      * J112 → Shunt pins 1–2
      * J113 → Shunt pins 2–3

.. seealso::
   For more detailed information on ZCU102 switch configuration, check the
   *ZCU102 Hardware User Guide* (chapter "MPSoC Device Configuration")
   `here <https://docs.amd.com/v/u/en-US/ug1182-zcu102-eval-bd>`__.

Boot messages
^^^^^^^^^^^^^^^^^^^^^^^^^^^^^^^^^^^^^^^^^^^^^^^^^^^^^^^^^^^^^^^^^^^^^^^^^^^^^^^

The following is what is printed in the serial console, after you have
connected to the proper ttyUSB or COM port:

.. note::

   If you are using a local connection (keyboard, mouse, monitor), you can
   view the boot log by opening a terminal and running the ``dmesg`` command.

.. collapsible:: Complete boot log

   .. code-block:: text

      Zynq MP First Stage Boot Loader
      Release 2023.2   Nov  1 2024  -  10:14:10
      NOTICE:  BL31: Non secure code at 0x8000000
      NOTICE:  BL31: v2.8(release):xilinx-v2023.2
      NOTICE:  BL31: Built : 10:57:16, Feb  7 2024
      PMUFW:  v1.1


      U-Boot 2018.01-21442-gf06dec3cab (May 22 2024 - 17:46:13 +0300) Xilinx ZynqMP ZCU102 revA, Build: jenkins-development-build_uboot-31

      I2C:   ready
      DRAM:  4 GiB
      EL Level:       EL2
      Chip ID:        zu9eg
      MMC:   sdhci@ff170000: 0 (SD)
      *** Warning - bad CRC, using default environment

      In:    serial@ff000000
      Out:   serial@ff000000
      Err:   serial@ff000000
      Bootmode: LVL_SHFT_SD_MODE1
      Net:   ZYNQ GEM: ff0e0000, phyaddr 15, interface rgmii-id

      Warning: ethernet@ff0e0000 using MAC address from ROM
      eth0: ethernet@ff0e0000
      Hit any key to stop autoboot:  0
      switch to partitions #0, OK
      mmc0 is current device
      Device: sdhci@ff170000
      Manufacturer ID: 3
      OEM: 5344
      Name: SS16G
      Tran Speed: 50000000
      Rd Block Len: 512
      SD version 3.0
      High Capacity: Yes
      Capacity: 14.8 GiB
      Bus Width: 4-bit
      Erase Group Size: 512 Bytes
      reading uEnv.txt
      407 bytes read in 24 ms (15.6 KiB/s)
      Loaded environment from uEnv.txt
      Importing environment from SD ...
      Running uenvcmd ...
      Copying Linux from SD to RAM...
      ** No boot file defined **
      reading system.dtb
      56316 bytes read in 33 ms (1.6 MiB/s)
      reading Image
      38605312 bytes read in 2557 ms (14.4 MiB/s)
      ## Flattened Device Tree blob at 04000000
         Booting using the fdt blob at 0x4000000
         Loading Device Tree to 000000000ffef000, end 000000000ffffbfb ... OK

      Starting kernel ...

      [    0.000000] Booting Linux on physical CPU 0x0000000000 [0x410fd034]
      [    0.000000] Linux version 6.1.70-284114-g2e8908932dfd (jenkins@romlxbuild1) (aarch64-xilinx-linux-gcc.real (GCC) 12.2.0, GNU ld (GNU Binutils) 2.39.0.20220819) #1061 SMP Tue Mar 18 16:40:12 EET 2025
      [    0.000000] Machine model: ZynqMP ZCU102 Rev1.0
      [    0.000000] earlycon: cdns0 at MMIO 0x00000000ff000000 (options '115200n8')
      [    0.000000] printk: bootconsole [cdns0] enabled
      [    0.000000] efi: UEFI not found.
      [    0.000000] Zone ranges:
      [    0.000000]   DMA      [mem 0x0000000000000000-0x00000000ffffffff]
      [    0.000000]   DMA32    empty
      [    0.000000]   Normal   [mem 0x0000000100000000-0x000000087fffffff]
      [    0.000000] Movable zone start for each node
      [    0.000000] Early memory node ranges
      [    0.000000]   node   0: [mem 0x0000000000000000-0x000000007fffffff]
      [    0.000000]   node   0: [mem 0x0000000800000000-0x000000087fffffff]
      [    0.000000] Initmem setup node 0 [mem 0x0000000000000000-0x000000087fffffff]
      [    0.000000] cma: Reserved 256 MiB at 0x0000000070000000
      [    0.000000] psci: probing for conduit method from DT.
      [    0.000000] psci: PSCIv1.1 detected in firmware.
      [    0.000000] psci: Using standard PSCI v0.2 function IDs
      [    0.000000] psci: MIGRATE_INFO_TYPE not supported.
      [    0.000000] psci: SMC Calling Convention v1.2
      [    0.000000] percpu: Embedded 18 pages/cpu s34536 r8192 d31000 u73728
      [    0.000000] Detected VIPT I-cache on CPU0
      [    0.000000] CPU features: detected: ARM erratum 845719
      [    0.000000] alternatives: applying boot alternatives
      [    0.000000] Built 1 zonelists, mobility grouping on.  Total pages: 1034240
      [    0.000000] Kernel command line: console=ttyPS0,115200 root=/dev/mmcblk0p2 rw earlycon rootfstype=ext4 rootwait clk_ignore_unused cpuidle.off=1 root=/dev/mmcblk0p2 rw rootwait
      [    0.000000] Dentry cache hash table entries: 524288 (order: 10, 4194304 bytes, linear)
      [    0.000000] Inode-cache hash table entries: 262144 (order: 9, 2097152 bytes, linear)
      [    0.000000] mem auto-init: stack:all(zero), heap alloc:off, heap free:off
      [    0.000000] software IO TLB: area num 4.
      [    0.000000] software IO TLB: mapped [mem 0x000000006c000000-0x0000000070000000] (64MB)
      [    0.000000] Memory: 3755128K/4194304K available (17408K kernel code, 1732K rwdata, 15684K rodata, 2752K init, 658K bss, 177032K reserved, 262144K cma-reserved)
      [    0.000000] rcu: Hierarchical RCU implementation.
      [    0.000000] rcu:     RCU event tracing is enabled.
      [    0.000000] rcu:     RCU restricting CPUs from NR_CPUS=8 to nr_cpu_ids=4.
      [    0.000000] rcu: RCU calculated value of scheduler-enlistment delay is 25 jiffies.
      [    0.000000] rcu: Adjusting geometry for rcu_fanout_leaf=16, nr_cpu_ids=4
      [    0.000000] NR_IRQS: 64, nr_irqs: 64, preallocated irqs: 0
      [    0.000000] GIC: Adjusting CPU interface base to 0x00000000f902f000
      [    0.000000] Root IRQ handler: gic_handle_irq
      [    0.000000] GIC: Using split EOI/Deactivate mode
      [    0.000000] rcu: srcu_init: Setting srcu_struct sizes based on contention.
      [    0.000000] arch_timer: cp15 timer(s) running at 100.00MHz (phys).
      [    0.000000] clocksource: arch_sys_counter: mask: 0x1ffffffffffffff max_cycles: 0x171024e7e0, max_idle_ns: 440795205315 ns
      [    0.000001] sched_clock: 57 bits at 100MHz, resolution 10ns, wraps every 4398046511100ns
      [    0.008428] Console: colour dummy device 80x25
      [    0.012486] Calibrating delay loop (skipped), value calculated using timer frequency.. 200.00 BogoMIPS (lpj=400000)
      [    0.022840] pid_max: default: 32768 minimum: 301
      [    0.027563] Mount-cache hash table entries: 8192 (order: 4, 65536 bytes, linear)
      [    0.034788] Mountpoint-cache hash table entries: 8192 (order: 4, 65536 bytes, linear)
      [    0.043540] rcu: Hierarchical SRCU implementation.
      [    0.047322] rcu:     Max phase no-delay instances is 1000.
      [    0.052775] EFI services will not be available.
      [    0.057164] smp: Bringing up secondary CPUs ...
      [    0.061910] Detected VIPT I-cache on CPU1
      [    0.061984] CPU1: Booted secondary processor 0x0000000001 [0x410fd034]
      [    0.062396] Detected VIPT I-cache on CPU2
      [    0.062451] CPU2: Booted secondary processor 0x0000000002 [0x410fd034]
      [    0.062845] Detected VIPT I-cache on CPU3
      [    0.062901] CPU3: Booted secondary processor 0x0000000003 [0x410fd034]
      [    0.062948] smp: Brought up 1 node, 4 CPUs
      [    0.096969] SMP: Total of 4 processors activated.
      [    0.101641] CPU features: detected: 32-bit EL0 Support
      [    0.106744] CPU features: detected: CRC32 instructions
      [    0.111902] CPU: All CPU(s) started at EL2
      [    0.115915] alternatives: applying system-wide alternatives
      [    0.122507] devtmpfs: initialized
      [    0.130812] Registered cp15_barrier emulation handler
      [    0.130865] Registered setend emulation handler
      [    0.134839] clocksource: jiffies: mask: 0xffffffff max_cycles: 0xffffffff, max_idle_ns: 7645041785100000 ns
      [    0.144428] futex hash table entries: 1024 (order: 4, 65536 bytes, linear)
      [    0.157257] pinctrl core: initialized pinctrl subsystem
      [    0.158171] NET: Registered PF_NETLINK/PF_ROUTE protocol family
      [    0.163565] DMA: preallocated 512 KiB GFP_KERNEL pool for atomic allocations
      [    0.169836] DMA: preallocated 512 KiB GFP_KERNEL|GFP_DMA pool for atomic allocations
      [    0.177585] DMA: preallocated 512 KiB GFP_KERNEL|GFP_DMA32 pool for atomic allocations
      [    0.185352] audit: initializing netlink subsys (disabled)
      [    0.190757] audit: type=2000 audit(0.120:1): state=initialized audit_enabled=0 res=1
      [    0.191146] hw-breakpoint: found 6 breakpoint and 4 watchpoint registers.
      [    0.205172] ASID allocator initialised with 65536 entries
      [    0.230457] HugeTLB: registered 1.00 GiB page size, pre-allocated 0 pages
      [    0.231612] HugeTLB: 0 KiB vmemmap can be freed for a 1.00 GiB page
      [    0.237836] HugeTLB: registered 32.0 MiB page size, pre-allocated 0 pages
      [    0.244580] HugeTLB: 0 KiB vmemmap can be freed for a 32.0 MiB page
      [    0.250809] HugeTLB: registered 2.00 MiB page size, pre-allocated 0 pages
      [    0.257555] HugeTLB: 0 KiB vmemmap can be freed for a 2.00 MiB page
      [    0.263785] HugeTLB: registered 64.0 KiB page size, pre-allocated 0 pages
      [    0.270530] HugeTLB: 0 KiB vmemmap can be freed for a 64.0 KiB page
      [    0.344824] raid6: neonx8   gen()  2261 MB/s
      [    0.412889] raid6: neonx4   gen()  2217 MB/s
      [    0.480948] raid6: neonx2   gen()  2121 MB/s
      [    0.549009] raid6: neonx1   gen()  1813 MB/s
      [    0.617071] raid6: int64x8  gen()  1390 MB/s
      [    0.685133] raid6: int64x4  gen()  1567 MB/s
      [    0.753185] raid6: int64x2  gen()  1372 MB/s
      [    0.821245] raid6: int64x1  gen()  1033 MB/s
      [    0.821284] raid6: using algorithm neonx8 gen() 2261 MB/s
      [    0.889296] raid6: .... xor() 1654 MB/s, rmw enabled
      [    0.889341] raid6: using neon recovery algorithm
      [    0.893616] iommu: Default domain type: Translated
      [    0.898047] iommu: DMA domain TLB invalidation policy: strict mode
      [    0.904473] SCSI subsystem initialized
      [    0.908139] usbcore: registered new interface driver usbfs
      [    0.913467] usbcore: registered new interface driver hub
      [    0.918739] usbcore: registered new device driver usb
      [    0.923899] mc: Linux media interface: v0.10
      [    0.928002] videodev: Linux video capture interface: v2.00
      [    0.933476] pps_core: LinuxPPS API ver. 1 registered
      [    0.938355] pps_core: Software ver. 5.3.6 - Copyright 2005-2007 Rodolfo Giometti <giometti@linux.it>
      [    0.947450] PTP clock support registered
      [    0.951351] EDAC MC: Ver: 3.0.0
      [    0.954775] zynqmp-ipi-mbox mailbox@ff9905c0: Registered ZynqMP IPI mbox with TX/RX channels.
      [    0.963360] jesd204: found 0 devices and 0 topologies
      [    0.967987] FPGA manager framework
      [    0.971340] Advanced Linux Sound Architecture Driver Initialized.
      [    0.977810] Bluetooth: Core ver 2.22
      [    0.980923] NET: Registered PF_BLUETOOTH protocol family
      [    0.986190] Bluetooth: HCI device and connection manager initialized
      [    0.992507] Bluetooth: HCI socket layer initialized
      [    0.997349] Bluetooth: L2CAP socket layer initialized
      [    1.002374] Bluetooth: SCO socket layer initialized
      [    1.007729] clocksource: Switched to clocksource arch_sys_counter
      [    1.013413] VFS: Disk quotas dquot_6.6.0
      [    1.017195] VFS: Dquot-cache hash table entries: 512 (order 0, 4096 bytes)
      [    1.028899] NET: Registered PF_INET protocol family
      [    1.029095] IP idents hash table entries: 65536 (order: 7, 524288 bytes, linear)
      [    1.038916] tcp_listen_portaddr_hash hash table entries: 2048 (order: 3, 32768 bytes, linear)
      [    1.044695] Table-perturb hash table entries: 65536 (order: 6, 262144 bytes, linear)
      [    1.052369] TCP established hash table entries: 32768 (order: 6, 262144 bytes, linear)
      [    1.060440] TCP bind hash table entries: 32768 (order: 8, 1048576 bytes, linear)
      [    1.068427] TCP: Hash tables configured (established 32768 bind 32768)
      [    1.074147] UDP hash table entries: 2048 (order: 4, 65536 bytes, linear)
      [    1.080807] UDP-Lite hash table entries: 2048 (order: 4, 65536 bytes, linear)
      [    1.087975] NET: Registered PF_UNIX/PF_LOCAL protocol family
      [    1.093840] RPC: Registered named UNIX socket transport module.
      [    1.099337] RPC: Registered udp transport module.
      [    1.104007] RPC: Registered tcp transport module.
      [    1.108674] RPC: Registered tcp NFSv4.1 backchannel transport module.
      [    1.115743] PCI: CLS 0 bytes, default 64
      [    1.119747] hw perfevents: enabled with armv8_pmuv3 PMU driver, 7 counters available
      [    1.127616] Initialise system trusted keyrings
      [    1.131192] workingset: timestamp_bits=62 max_order=20 bucket_order=0
      [    1.138048] NFS: Registering the id_resolver key type
      [    1.142521] Key type id_resolver registered
      [    1.146648] Key type id_legacy registered
      [    1.150641] nfs4filelayout_init: NFSv4 File Layout Driver Registering...
      [    1.157288] nfs4flexfilelayout_init: NFSv4 Flexfile Layout Driver Registering...
      [    1.164657] jffs2: version 2.2. (NAND) (SUMMARY)  © 2001-2006 Red Hat, Inc.
      [    1.171810] fuse: init (API version 7.37)
      [    1.212515] NET: Registered PF_ALG protocol family
      [    1.212564] xor: measuring software checksum speed
      [    1.220334]    8regs           :  2521 MB/sec
      [    1.224649]    32regs          :  2522 MB/sec
      [    1.229249]    arm64_neon      :  2356 MB/sec
      [    1.229396] xor: using function: 32regs (2522 MB/sec)
      [    1.234422] Key type asymmetric registered
      [    1.238485] Asymmetric key parser 'x509' registered
      [    1.243359] Block layer SCSI generic (bsg) driver version 0.4 loaded (major 246)
      [    1.250686] io scheduler mq-deadline registered
      [    1.255180] io scheduler kyber registered
      [    1.292530] Serial: 8250/16550 driver, 4 ports, IRQ sharing disabled
      [    1.300071] brd: module loaded
      [    1.303316] loop: module loaded
      [    1.303674] Registered mathworks_ip class
      [    1.305340] mtdoops: mtd device (mtddev=name/number) must be supplied
      [    1.314054] tun: Universal TUN/TAP device driver, 1.6
      [    1.316321] CAN device driver interface
      [    1.320780] SPI driver wl1271_spi has no spi_device_id for ti,wl1271
      [    1.326350] SPI driver wl1271_spi has no spi_device_id for ti,wl1273
      [    1.332658] SPI driver wl1271_spi has no spi_device_id for ti,wl1281
      [    1.338970] SPI driver wl1271_spi has no spi_device_id for ti,wl1283
      [    1.345284] SPI driver wl1271_spi has no spi_device_id for ti,wl1285
      [    1.351600] SPI driver wl1271_spi has no spi_device_id for ti,wl1801
      [    1.357914] SPI driver wl1271_spi has no spi_device_id for ti,wl1805
      [    1.364229] SPI driver wl1271_spi has no spi_device_id for ti,wl1807
      [    1.370542] SPI driver wl1271_spi has no spi_device_id for ti,wl1831
      [    1.376857] SPI driver wl1271_spi has no spi_device_id for ti,wl1835
      [    1.383172] SPI driver wl1271_spi has no spi_device_id for ti,wl1837
      [    1.389594] usbcore: registered new interface driver asix
      [    1.394886] usbcore: registered new interface driver ax88179_178a
      [    1.400925] usbcore: registered new interface driver cdc_ether
      [    1.406721] usbcore: registered new interface driver net1080
      [    1.412343] usbcore: registered new interface driver cdc_subset
      [    1.418226] usbcore: registered new interface driver zaurus
      [    1.423776] usbcore: registered new interface driver cdc_ncm
      [    1.429384] usbcore: registered new interface driver r8153_ecm
      [    1.436376] usbcore: registered new interface driver uas
      [    1.440469] usbcore: registered new interface driver usb-storage
      [    1.446466] usbcore: registered new interface driver usbserial_generic
      [    1.452910] usbserial: USB Serial support registered for generic
      [    1.458881] usbcore: registered new interface driver ftdi_sio
      [    1.464582] usbserial: USB Serial support registered for FTDI USB Serial Device
      [    1.471853] usbcore: registered new interface driver upd78f0730
      [    1.477728] usbserial: USB Serial support registered for upd78f0730
      [    1.484982] SPI driver ads7846 has no spi_device_id for ti,tsc2046
      [    1.490090] SPI driver ads7846 has no spi_device_id for ti,ads7843
      [    1.496229] SPI driver ads7846 has no spi_device_id for ti,ads7845
      [    1.502370] SPI driver ads7846 has no spi_device_id for ti,ads7873
      [    1.509087] rtc_zynqmp ffa60000.rtc: registered as rtc0
      [    1.513716] rtc_zynqmp ffa60000.rtc: setting system clock to 2026-03-16T13:10:39 UTC (1773666639)
      [    1.522589] i2c_dev: i2c /dev entries driver
      [    1.528675] usbcore: registered new interface driver uvcvideo
      [    1.534068] Bluetooth: HCI UART driver ver 2.3
      [    1.536886] Bluetooth: HCI UART protocol H4 registered
      [    1.541987] Bluetooth: HCI UART protocol BCSP registered
      [    1.547279] Bluetooth: HCI UART protocol LL registered
      [    1.552367] Bluetooth: HCI UART protocol ATH3K registered
      [    1.557744] Bluetooth: HCI UART protocol Three-wire (H5) registered
      [    1.563996] Bluetooth: HCI UART protocol Intel registered
      [    1.569334] Bluetooth: HCI UART protocol QCA registered
      [    1.574535] usbcore: registered new interface driver bcm203x
      [    1.580162] usbcore: registered new interface driver bpa10x
      [    1.585695] usbcore: registered new interface driver bfusb
      [    1.591143] usbcore: registered new interface driver btusb
      [    1.596603] usbcore: registered new interface driver ath3k
      [    1.602101] EDAC MC: ECC not enabled
      [    1.605730] EDAC DEVICE0: Giving out device to module zynqmp-ocm-edac controller zynqmp_ocm: DEV ff960000.memory-controller (INTERRUPT)
      [    1.618057] sdhci: Secure Digital Host Controller Interface driver
      [    1.623822] sdhci: Copyright(c) Pierre Ossman
      [    1.628143] sdhci-pltfm: SDHCI platform and OF driver helper
      [    1.634219] ledtrig-cpu: registered to indicate activity on CPUs
      [    1.639780] SMCCC: SOC_ID: ID = jep106:0049:0000 Revision = 0x24738093
      [    1.646291] zynqmp_firmware_probe Platform Management API v1.1
      [    1.652062] zynqmp_firmware_probe Trustzone version v1.0
      [    1.687402] zynqmp-aes zynqmp-aes.0: will run requests pump with realtime priority
      [    1.689640] usbcore: registered new interface driver usbhid
      [    1.694870] usbhid: USB HID core driver
      [    1.698849] SPI driver fb_seps525 has no spi_device_id for syncoam,seps525
      [    1.711406] SPI driver adis16475 has no spi_device_id for adi,adis16470
      [    1.712379] SPI driver adis16475 has no spi_device_id for adi,adis16475-1
      [    1.719122] SPI driver adis16475 has no spi_device_id for adi,adis16475-2
      [    1.725869] SPI driver adis16475 has no spi_device_id for adi,adis16475-3
      [    1.732615] SPI driver adis16475 has no spi_device_id for adi,adis16477-1
      [    1.739362] SPI driver adis16475 has no spi_device_id for adi,adis16477-2
      [    1.746110] SPI driver adis16475 has no spi_device_id for adi,adis16477-3
      [    1.752857] SPI driver adis16475 has no spi_device_id for adi,adis16465-1
      [    1.759603] SPI driver adis16475 has no spi_device_id for adi,adis16465-2
      [    1.766350] SPI driver adis16475 has no spi_device_id for adi,adis16465-3
      [    1.773097] SPI driver adis16475 has no spi_device_id for adi,adis16467-1
      [    1.779844] SPI driver adis16475 has no spi_device_id for adi,adis16467-2
      [    1.786591] SPI driver adis16475 has no spi_device_id for adi,adis16467-3
      [    1.793338] SPI driver adis16475 has no spi_device_id for adi,adis16500
      [    1.799915] SPI driver adis16475 has no spi_device_id for adi,adis16501
      [    1.806486] SPI driver adis16475 has no spi_device_id for adi,adis16505-1
      [    1.813233] SPI driver adis16475 has no spi_device_id for adi,adis16505-2
      [    1.819980] SPI driver adis16475 has no spi_device_id for adi,adis16505-3
      [    1.826727] SPI driver adis16475 has no spi_device_id for adi,adis16507-1
      [    1.833478] SPI driver adis16475 has no spi_device_id for adi,adis16507-2
      [    1.840222] SPI driver adis16475 has no spi_device_id for adi,adis16507-3
      [    1.846969] SPI driver adis16475 has no spi_device_id for adi,adis16575-2
      [    1.853715] SPI driver adis16475 has no spi_device_id for adi,adis16575-3
      [    1.860462] SPI driver adis16475 has no spi_device_id for adi,adis16576-2
      [    1.867209] SPI driver adis16475 has no spi_device_id for adi,adis16576-3
      [    1.873956] SPI driver adis16475 has no spi_device_id for adi,adis16577-2
      [    1.880703] SPI driver adis16475 has no spi_device_id for adi,adis16577-3
      [    1.888549] axi_sysid 85000000.axi-sysid-0: AXI System ID core version (1.01.a) found
      [    1.895417] axi_sysid 85000000.axi-sysid-0: [adrv9001] [CMOS] on [zcu102] git branch <hdl_2023_r2> git <2156ac7e874a1dc321d9f64a325009fafe563419> clean [2024-11-01 09:41:03] UTC
      [    1.911586] fpga_manager fpga0: Xilinx ZynqMP FPGA Manager registered
      [    1.917758] usbcore: registered new interface driver snd-usb-audio
      [    1.925392] pktgen: Packet Generator for packet performance testing. Version: 2.75
      [    1.931475] Initializing XFRM netlink socket
      [    1.935353] NET: Registered PF_INET6 protocol family
      [    1.940742] Segment Routing with IPv6
      [    1.943880] In-situ OAM (IOAM) with IPv6
      [    1.947792] sit: IPv6, IPv4 and MPLS over IPv4 tunneling driver
      [    1.953982] NET: Registered PF_PACKET protocol family
      [    1.958653] NET: Registered PF_KEY protocol family
      [    1.963496] can: controller area network core
      [    1.967749] NET: Registered PF_CAN protocol family
      [    1.972481] can: raw protocol
      [    1.975419] can: broadcast manager protocol
      [    1.979577] can: netlink gateway - max_hops=1
      [    1.983971] Bluetooth: RFCOMM TTY layer initialized
      [    1.988749] Bluetooth: RFCOMM socket layer initialized
      [    1.993856] Bluetooth: RFCOMM ver 1.11
      [    1.997570] Bluetooth: BNEP (Ethernet Emulation) ver 1.3
      [    2.002841] Bluetooth: BNEP filters: protocol multicast
      [    2.008034] Bluetooth: BNEP socket layer initialized
      [    2.012961] Bluetooth: HIDP (Human Interface Emulation) ver 1.2
      [    2.018847] Bluetooth: HIDP socket layer initialized
      [    2.023902] 9pnet: Installing 9P2000 support
      [    2.028023] NET: Registered PF_IEEE802154 protocol family
      [    2.033404] Key type dns_resolver registered
      [    2.037925] registered taskstats version 1
      [    2.041683] Loading compiled-in X.509 certificates
      [    2.046859] Btrfs loaded, crc32c=crc32c-generic, zoned=no, fsverity=no
      [    2.053112] alg: No test for xilinx-zynqmp-rsa (zynqmp-rsa)
      [    2.462621] ff000000.serial: ttyPS0 at MMIO 0xff000000 (irq = 23, base_baud = 6249999) is a xuartps
      [    2.471654] printk: console [ttyPS0] enabled
      [    2.471654] printk: console [ttyPS0] enabled
      [    2.475956] printk: bootconsole [cdns0] disabled
      [    2.475956] printk: bootconsole [cdns0] disabled
      [    2.485576] ff010000.serial: ttyPS1 at MMIO 0xff010000 (irq = 24, base_baud = 6249999) is a xuartps
      [    2.499920] nwl-pcie fd0e0000.pcie: host bridge /axi/pcie@fd0e0000 ranges:
      [    2.506820] nwl-pcie fd0e0000.pcie:      MEM 0x00e0000000..0x00efffffff -> 0x00e0000000
      [    2.514823] nwl-pcie fd0e0000.pcie:      MEM 0x0600000000..0x07ffffffff -> 0x0600000000
      [    2.522923] nwl-pcie fd0e0000.pcie: Link is DOWN
      [    2.527747] nwl-pcie fd0e0000.pcie: PCI host bridge to bus 0000:00
      [    2.533923] pci_bus 0000:00: root bus resource [bus 00-ff]
      [    2.539406] pci_bus 0000:00: root bus resource [mem 0xe0000000-0xefffffff]
      [    2.546271] pci_bus 0000:00: root bus resource [mem 0x600000000-0x7ffffffff pref]
      [    2.553774] pci 0000:00:00.0: [10ee:d021] type 01 class 0x060400
      [    2.559837] pci 0000:00:00.0: PME# supported from D0 D1 D2 D3hot
      [    2.567987] pci 0000:00:00.0: bridge configuration invalid ([bus 00-00]), reconfiguring
      [    2.576108] pci_bus 0000:01: busn_res: [bus 01-ff] end is updated to 01
      [    2.582731] pci 0000:00:00.0: PCI bridge to [bus 01]
      [    2.590575] xilinx-zynqmp-dpdma fd4c0000.dma-controller: Xilinx DPDMA engine is probed
      [    2.600437] spi-nor spi0.0: SPI-NOR-UniqueID 4a960c00191f0016007c7bc4aaf2
      [    2.607231] spi-nor spi0.0: found mt25qu512a, expected m25p80
      [    2.613232] spi-nor spi0.0: mt25qu512a (131072 Kbytes)
      [    2.618480] 4 fixed-partitions partitions found on MTD device spi0.0
      [    2.624827] Creating 4 MTD partitions on "spi0.0":
      [    2.629611] 0x000000000000-0x000000100000 : "qspi-fsbl-uboot"
      [    2.636208] 0x000000100000-0x000000600000 : "qspi-linux"
      [    2.642234] 0x000000600000-0x000000620000 : "qspi-device-tree"
      [    2.648765] 0x000000620000-0x000000c00000 : "qspi-rootfs"
      [    2.657486] macb ff0e0000.ethernet: Not enabling partial store and forward
      [    2.684700] xilinx-axipmon ffa00000.perf-monitor: Probed Xilinx APM
      [    2.691246] xilinx-axipmon fd0b0000.perf-monitor: Probed Xilinx APM
      [    2.697728] xilinx-axipmon fd490000.perf-monitor: Probed Xilinx APM
      [    2.704215] xilinx-axipmon ffa10000.perf-monitor: Probed Xilinx APM
      [    2.711475] i2c i2c-0: using pinctrl states for GPIO recovery
      [    2.717412] i2c i2c-0: using generic GPIOs for recovery
      [    2.723017] pca953x 0-0020: supply vcc not found, using dummy regulator
      [    2.729706] pca953x 0-0020: using no AI
      [    2.734271] gpio-318 (sel0): hogged as output/low
      [    2.739172] gpio-319 (sel1): hogged as output/high
      [    2.744163] gpio-320 (sel2): hogged as output/high
      [    2.749153] gpio-321 (sel3): hogged as output/high
      [    2.754319] pca953x 0-0021: supply vcc not found, using dummy regulator
      [    2.760999] pca953x 0-0021: using no AI
      [    2.766550] ina2xx 2-0040: power monitor ina226 (Rshunt = 5000 uOhm)
      [    2.773536] ina2xx 2-0041: power monitor ina226 (Rshunt = 5000 uOhm)
      [    2.780527] ina2xx 2-0042: power monitor ina226 (Rshunt = 5000 uOhm)
      [    2.787519] ina2xx 2-0043: power monitor ina226 (Rshunt = 5000 uOhm)
      [    2.794508] ina2xx 2-0044: power monitor ina226 (Rshunt = 5000 uOhm)
      [    2.801504] ina2xx 2-0045: power monitor ina226 (Rshunt = 5000 uOhm)
      [    2.808515] ina2xx 2-0046: power monitor ina226 (Rshunt = 5000 uOhm)
      [    2.815507] ina2xx 2-0047: power monitor ina226 (Rshunt = 5000 uOhm)
      [    2.822499] ina2xx 2-004a: power monitor ina226 (Rshunt = 5000 uOhm)
      [    2.829505] ina2xx 2-004b: power monitor ina226 (Rshunt = 5000 uOhm)
      [    2.835916] i2c i2c-0: Added multiplexed i2c bus 2
      [    2.841468] ina2xx 3-0040: power monitor ina226 (Rshunt = 2000 uOhm)
      [    2.848455] ina2xx 3-0041: power monitor ina226 (Rshunt = 5000 uOhm)
      [    2.855447] ina2xx 3-0042: power monitor ina226 (Rshunt = 5000 uOhm)
      [    2.862441] ina2xx 3-0043: power monitor ina226 (Rshunt = 5000 uOhm)
      [    2.869432] ina2xx 3-0044: power monitor ina226 (Rshunt = 5000 uOhm)
      [    2.876426] ina2xx 3-0045: power monitor ina226 (Rshunt = 5000 uOhm)
      [    2.883424] ina2xx 3-0046: power monitor ina226 (Rshunt = 5000 uOhm)
      [    2.890418] ina2xx 3-0047: power monitor ina226 (Rshunt = 5000 uOhm)
      [    2.896827] i2c i2c-0: Added multiplexed i2c bus 3
      [    2.969049] i2c i2c-0: Added multiplexed i2c bus 4
      [    2.974007] i2c i2c-0: Added multiplexed i2c bus 5
      [    2.978802] pca954x 0-0075: registered 4 multiplexed busses for I2C mux pca9544
      [    2.986187] cdns-i2c ff020000.i2c: 400 kHz mmio ff020000 irq 49
      [    2.993140] i2c i2c-1: using pinctrl states for GPIO recovery
      [    2.999068] i2c i2c-1: using generic GPIOs for recovery
      [    3.005040] at24 6-0054: supply vcc not found, using dummy regulator
      [    3.011947] at24 6-0054: 1024 byte 24c08 EEPROM, writable, 1 bytes/write
      [    3.018720] i2c i2c-1: Added multiplexed i2c bus 6
      [    3.024103] si5341 7-0036: no regulator set, defaulting vdd_sel to 2.5V for out
      [    3.031412] si5341 7-0036: no regulator set, defaulting vdd_sel to 2.5V for out
      [    3.038720] si5341 7-0036: no regulator set, defaulting vdd_sel to 2.5V for out
      [    3.046025] si5341 7-0036: no regulator set, defaulting vdd_sel to 2.5V for out
      [    3.053324] si5341 7-0036: no regulator set, defaulting vdd_sel to 2.5V for out
      [    3.060625] si5341 7-0036: no regulator set, defaulting vdd_sel to 2.5V for out
      [    3.067923] si5341 7-0036: no regulator set, defaulting vdd_sel to 2.5V for out
      [    3.075222] si5341 7-0036: no regulator set, defaulting vdd_sel to 2.5V for out
      [    3.083618] si5341 7-0036: Chip: 5341 Grade: 1 Rev: 3
      [    3.121695] i2c i2c-1: Added multiplexed i2c bus 7
      [    3.129341] si570 8-005d: registered, current frequency 300000000 Hz
      [    3.135751] i2c i2c-1: Added multiplexed i2c bus 8
      [    3.155510] si570 9-005d: registered, current frequency 148500000 Hz
      [    3.161916] i2c i2c-1: Added multiplexed i2c bus 9
      [    3.166951] si5324 10-0069: si5328 probed
      [    3.231983] si5324 10-0069: si5328 probe successful
      [    3.236911] i2c i2c-1: Added multiplexed i2c bus 10
      [    3.241952] i2c i2c-1: Added multiplexed i2c bus 11
      [    3.246995] i2c i2c-1: Added multiplexed i2c bus 12
      [    3.252042] i2c i2c-1: Added multiplexed i2c bus 13
      [    3.256919] pca954x 1-0074: registered 8 multiplexed busses for I2C switch pca9548
      [    3.265004] at24 14-0050: supply vcc not found, using dummy regulator
      [    3.271803] at24 14-0050: 256 byte 24c02 EEPROM, writable, 1 bytes/write
      [    3.278557] i2c i2c-1: Added multiplexed i2c bus 14
      [    3.283606] i2c i2c-1: Added multiplexed i2c bus 15
      [    3.288655] i2c i2c-1: Added multiplexed i2c bus 16
      [    3.293703] i2c i2c-1: Added multiplexed i2c bus 17
      [    3.298757] i2c i2c-1: Added multiplexed i2c bus 18
      [    3.303816] i2c i2c-1: Added multiplexed i2c bus 19
      [    3.308871] i2c i2c-1: Added multiplexed i2c bus 20
      [    3.313921] i2c i2c-1: Added multiplexed i2c bus 21
      [    3.318799] pca954x 1-0075: registered 8 multiplexed busses for I2C switch pca9548
      [    3.326414] cdns-i2c ff030000.i2c: 400 kHz mmio ff030000 irq 50
      [    3.335815] cdns-wdt fd4d0000.watchdog: Xilinx Watchdog Timer with timeout 60s
      [    3.377144] mmc0: SDHCI controller on ff170000.mmc [ff170000.mmc] using ADMA 64-bit
      [    3.422468] mmc0: new high speed SDHC card at address e624
      [    3.428325] mmcblk0: mmc0:e624 SS16G 14.8 GiB
      [    3.435775] random: crng init done
      [    3.439358]  mmcblk0: p1 p2 p3
      [    8.407515] adrv9002 spi1.0: adrv9002-phy Rev 12.0, Firmware 0.22.39,  Stream 0.7.15.0,  API version: 68.14.10 successfully initialized
      [    8.421215] cf_axi_adc 84a00000.axi-adrv9002-rx-lpc: ADI AIM (10.03.) at 0x84A00000 mapped to 0x00000000633b1567 probed ADC ADRV9002 as MASTER
      [    8.435188] cf_axi_tdd 84a0c800.axi-adrv9002-core-tdd1-lpc: Analog Devices CF_AXI_TDD MASTER (1.00.a)
      [    8.444899] cf_axi_tdd 84a0cc00.axi-adrv9002-core-tdd2-lpc: Analog Devices CF_AXI_TDD MASTER (1.00.a)
      [    8.472095] cf_axi_dds 84a0a000.axi-adrv9002-tx-lpc: Analog Devices CF_AXI_DDS_DDS MASTER (9.02.b) at 0x84A0A000 mapped to 0x0000000099debda9, probed DDS ADRV9002
      [    8.504053] cf_axi_dds 84a0c000.axi-adrv9002-tx2-lpc: Analog Devices CF_AXI_DDS_DDS MASTER (9.02.b) at 0x84A0C000 mapped to 0x00000000da118caa, probed DDS ADRV9002
      [    8.519761] zynqmp-display fd4a0000.display: vtc bridge property not present
      [    8.530185] xilinx-dp-snd-codec fd4a0000.display:zynqmp-dp-snd-codec0: Failed to get required clock freq
      [    8.539686] xilinx-dp-snd-codec: probe of fd4a0000.display:zynqmp-dp-snd-codec0 failed with error -22
      [    8.549184] xilinx-dp-snd-pcm zynqmp_dp_snd_pcm0: Xilinx DisplayPort Sound PCM probed
      [    8.557260] xilinx-dp-snd-pcm zynqmp_dp_snd_pcm1: Xilinx DisplayPort Sound PCM probed
      [    8.565415] OF: graph: no port node found in /axi/display@fd4a0000
      [    8.571918] xlnx-drm xlnx-drm.0: bound fd4a0000.display (ops 0xffffffc0091e3e98)
      [    9.655753] zynqmp-display fd4a0000.display: [drm] Cannot find any crtc or sizes
      [    9.663396] [drm] Initialized xlnx 1.0.0 20130509 for fd4a0000.display on minor 0
      [    9.670898] zynqmp-display fd4a0000.display: ZynqMP DisplayPort Subsystem driver probed
      [    9.679115] ahci-ceva fd0c0000.ahci: supply ahci not found, using dummy regulator
      [    9.686676] ahci-ceva fd0c0000.ahci: supply phy not found, using dummy regulator
      [    9.694145] ahci-ceva fd0c0000.ahci: supply target not found, using dummy regulator
      [    9.712076] ahci-ceva fd0c0000.ahci: AHCI 0001.0301 32 slots 2 ports 6 Gbps 0x3 impl platform mode
      [    9.721034] ahci-ceva fd0c0000.ahci: flags: 64bit ncq sntf pm clo only pmp fbs pio slum part ccc sds apst
      [    9.731472] scsi host0: ahci-ceva
      [    9.735062] scsi host1: ahci-ceva
      [    9.738488] ata1: SATA max UDMA/133 mmio [mem 0xfd0c0000-0xfd0c1fff] port 0x100 irq 54
      [    9.746403] ata2: SATA max UDMA/133 mmio [mem 0xfd0c0000-0xfd0c1fff] port 0x180 irq 54
      [    9.756015] macb ff0e0000.ethernet: Not enabling partial store and forward
      [    9.764883] macb ff0e0000.ethernet eth0: Cadence GEM rev 0x50070106 at 0xff0e0000 irq 46 (00:0a:35:07:fe:31)
      [    9.855972] xhci-hcd xhci-hcd.1.auto: xHCI Host Controller
      [    9.861474] xhci-hcd xhci-hcd.1.auto: new USB bus registered, assigned bus number 1
      [    9.869222] xhci-hcd xhci-hcd.1.auto: hcc params 0x0238f625 hci version 0x100 quirks 0x0000000002010810
      [    9.878635] xhci-hcd xhci-hcd.1.auto: irq 55, io mem 0xfe200000
      [    9.884654] xhci-hcd xhci-hcd.1.auto: xHCI Host Controller
      [    9.890140] xhci-hcd xhci-hcd.1.auto: new USB bus registered, assigned bus number 2
      [    9.897797] xhci-hcd xhci-hcd.1.auto: Host supports USB 3.0 SuperSpeed
      [    9.904433] usb usb1: New USB device found, idVendor=1d6b, idProduct=0002, bcdDevice= 6.01
      [    9.912695] usb usb1: New USB device strings: Mfr=3, Product=2, SerialNumber=1
      [    9.919920] usb usb1: Product: xHCI Host Controller
      [    9.924794] usb usb1: Manufacturer: Linux 6.1.70-284114-g2e8908932dfd xhci-hcd
      [    9.932015] usb usb1: SerialNumber: xhci-hcd.1.auto
      [    9.937196] hub 1-0:1.0: USB hub found
      [    9.940963] hub 1-0:1.0: 1 port detected
      [    9.945182] usb usb2: New USB device found, idVendor=1d6b, idProduct=0003, bcdDevice= 6.01
      [    9.953447] usb usb2: New USB device strings: Mfr=3, Product=2, SerialNumber=1
      [    9.960673] usb usb2: Product: xHCI Host Controller
      [    9.965546] usb usb2: Manufacturer: Linux 6.1.70-284114-g2e8908932dfd xhci-hcd
      [    9.972761] usb usb2: SerialNumber: xhci-hcd.1.auto
      [    9.977943] hub 2-0:1.0: USB hub found
      [    9.981708] hub 2-0:1.0: 1 port detected
      [    9.995109] input: gpio-keys as /devices/platform/gpio-keys/input/input0
      [   10.002194] of_cfs_init
      [   10.004655] of_cfs_init: OK
      [   10.007501] cfg80211: Loading compiled-in X.509 certificates for regulatory database
      [   10.053387] cfg80211: Loaded X.509 cert 'sforshee: 00b28ddf47aef9cea7'
      [   10.060673] cfg80211: Loaded X.509 cert 'wens: 61c038651aabdcf94bd0ac7ff06c7248db18c600'
      [   10.068790] ata2: SATA link down (SStatus 0 SControl 330)
      [   10.068802] clk: Not disabling unused clocks
      [   10.074210] ata1: SATA link down (SStatus 0 SControl 330)
      [   10.078728] ALSA device list:
      [   10.086794]   No soundcards found.
      [   10.090474] platform regulatory.0: Direct firmware load for regulatory.db failed with error -2
      [   10.099086] cfg80211: failed to load regulatory.db
      [   10.117608] EXT4-fs (mmcblk0p2): mounted filesystem with ordered data mode. Quota mode: none.
      [   10.126157] VFS: Mounted root (ext4 filesystem) on device 179:2.
      [   10.141873] devtmpfs: mounted
      [   10.145662] Freeing unused kernel memory: 2752K
      [   10.150286] Run /sbin/init as init process
      [   10.674255] systemd[1]: systemd 247.3-7+rpi1+deb11u6 running in system mode. (+PAM +AUDIT +SELINUX +IMA +APPARMOR +SMACK +SYSVINIT +UTMP +LIBCRYPTSETUP +GCRYPT +GNUTLS +ACL +XZ +LZ4 +ZSTD +SECCOMP +BLKID +ELFUTILS +KMOD +IDN2 -IDN +PCRE2 default-hierarchy=unified)
      [   10.698213] systemd[1]: Detected architecture arm64.

      Welcome to Kuiper GNU/Linux 11.2 (bullseye)!

      [   10.735433] systemd[1]: Set hostname to <analog>.
      [   10.775763] zynqmp-display fd4a0000.display: [drm] Cannot find any crtc or sizes
      [   12.060575] systemd[1]: /lib/systemd/system/plymouth-start.service:16: Unit configured to use KillMode=none. This is unsafe, as it disables systemd's process lifecycle management for the service. Please update your service to use a safer KillMode=, such as 'mixed' or 'control-group'. Support for KillMode=none is deprecated and will eventually be removed.
      [   12.285317] systemd[1]: Queued start job for default target Graphical Interface.
      [   12.294183] systemd[1]: system-getty.slice: unit configures an IP firewall, but the local system does not support BPF/cgroup firewalling.
      [   12.306538] systemd[1]: (This warning is only shown for the first unit using IP firewalling.)
      [   12.315605] systemd[1]: Created slice system-getty.slice.
      [  OK  ] Created slice system-getty.slice.
      [   12.336228] systemd[1]: Created slice system-modprobe.slice.
      [  OK  ] Created slice system-modprobe.slice.
      [   12.356150] systemd[1]: Created slice system-serial\x2dgetty.slice.
      [  OK  ] Created slice system-serial\x2dgetty.slice.
      [   12.380137] systemd[1]: Created slice system-systemd\x2dfsck.slice.
      [  OK  ] Created slice system-systemd\x2dfsck.slice.
      [   12.404034] systemd[1]: Created slice User and Session Slice.
      [  OK  ] Created slice User and Session Slice.
      [   12.424187] systemd[1]: Started Forward Password Requests to Wall Directory Watch.
      [  OK  ] Started Forward Password R…uests to Wall Directory Watch.
      [   12.448090] systemd[1]: Condition check resulted in Arbitrary Executable File Formats File System Automount Point being skipped.
      [   12.460526] systemd[1]: Reached target Slices.
      [  OK  ] Reached target Slices.
      [   12.475902] systemd[1]: Reached target Swap.
      [  OK  ] Reached target Swap.
      [   12.503378] systemd[1]: Listening on Syslog Socket.
      [  OK  ] Listening on Syslog Socket.
      [   12.520172] systemd[1]: Listening on fsck to fsckd communication Socket.
      [  OK  ] Listening on fsck to fsckd communication Socket.
      [   12.543988] systemd[1]: Listening on initctl Compatibility Named Pipe.
      [  OK  ] Listening on initctl Compatibility Named Pipe.
      [   12.568492] systemd[1]: Listening on Journal Audit Socket.
      [  OK  ] Listening on Journal Audit Socket.
      [   12.592184] systemd[1]: Listening on Journal Socket (/dev/log).
      [  OK  ] Listening on Journal Socket (/dev/log).
      [   12.616239] systemd[1]: Listening on Journal Socket.
      [  OK  ] Listening on Journal Socket.
      [   12.642001] systemd[1]: Listening on udev Control Socket.
      [  OK  ] Listening on udev Control Socket.
      [   12.664157] systemd[1]: Listening on udev Kernel Socket.
      [  OK  ] Listening on udev Kernel Socket.
      [   12.699924] systemd[1]: Mounting Huge Pages File System...
               Mounting Huge Pages File System...
      [   12.717818] systemd[1]: Mounting POSIX Message Queue File System...
               Mounting POSIX Message Queue File System...
      [   12.741579] systemd[1]: Mounting RPC Pipe File System...
               Mounting RPC Pipe File System...
      [   12.757791] systemd[1]: Mounting Kernel Debug File System...
               Mounting Kernel Debug File System...
      [   12.776281] systemd[1]: Condition check resulted in Kernel Trace File System being skipped.
      [   12.785032] systemd[1]: Condition check resulted in Kernel Module supporting RPCSEC_GSS being skipped.
      [   12.800534] systemd[1]: Starting Restore / save the current clock...
               Starting Restore / save the current clock...
      [   12.826453] systemd[1]: Starting Set the console keyboard layout...
               Starting Set the console keyboard layout...
      [   12.848724] systemd[1]: Condition check resulted in Create list of static device nodes for the current kernel being skipped.
      [   12.880190] systemd[1]: Starting Load Kernel Module configfs...
               Starting Load Kernel Module configfs...
      [   12.898203] systemd[1]: Starting Load Kernel Module drm...
               Starting Load Kernel Module drm...
      [   12.918126] systemd[1]: Starting Load Kernel Module fuse...
               Starting Load Kernel Module fuse...
      [   12.941446] systemd[1]: Condition check resulted in Set Up Additional Binary Formats being skipped.
      [   12.950746] systemd[1]: Condition check resulted in File System Check on Root Device being skipped.
      [   12.984118] systemd[1]: Starting Journal Service...
               Starting Journal Service...
      [   13.006766] systemd[1]: Starting Load Kernel Modules...
               Starting Load Kernel Modules...
      [   13.026050] systemd[1]: Starting Remount Root and Kernel File Systems...
               Starting Remount Root and Kernel File Systems...
      [   13.050076] systemd[1]: Starting Coldplug All udev Devices...
               Starting Coldplug All udev Devices...
      [   13.073201] systemd[1]: Mounted Huge Pages File System.
      [  OK  ] Mounted Huge Pages File System.
      [   13.097679] systemd[1]: Mounted POSIX Message Queue File System.
      [  OK  ] Mounted POSIX Message Queue File System.
      [   13.120363] systemd[1]: Mounted RPC Pipe File System.
      [  OK  ] Mounted RPC Pipe File System.
      [   13.136486] systemd[1]: Mounted Kernel Debug File System.
      [  OK  ] Mounted Kernel Debug File System.
      [   13.160759] systemd[1]: Finished Restore / save the current clock.
      [  OK  ] Finished Restore / save the current clock.
      [   13.184452] systemd[1]: Started Journal Service.
      [  OK  ] Started Journal Service.
      [  OK  ] Finished Set the console keyboard layout.
      [  OK  ] Finished Load Kernel Module configfs.
      [  OK  ] Finished Load Kernel Module drm.
      [  OK  ] Finished Load Kernel Module fuse.
      [FAILED] Failed to start Load Kernel Modules.
      See 'systemctl status systemd-modules-load.service' for details.
      [   13.348728] EXT4-fs (mmcblk0p2): re-mounted. Quota mode: none.
               Mounting FUSE Control File System...
               Mounting Kernel Configuration File System...
               Starting Apply Kernel Variables...
      [  OK  ] Finished Remount Root and Kernel File Systems.
      [  OK  ] Mounted FUSE Control File System.
      [  OK  ] Mounted Kernel Configuration File System.
      [  OK  ] Finished Apply Kernel Variables.
               Starting Flush Journal to Persistent Storage...
               Starting Load/Save Random Seed...
               Starting Create System Users...
      [  OK  ] Finished Load/Save Random Seed.
      [  OK  ] Finished Create System Users.
               Starting Create Static Device Nodes in /dev...
      [  OK  ] Finished Coldplug All udev Devices.
      [  OK  ] Finished Create Static Device Nodes in /dev.
      [  OK  ] Reached target Local File Systems (Pre).
               Starting Helper to synchronize boot up for ifupdown...
               Starting Wait for udev To …plete Device Initialization...
               Starting Rule-based Manage…for Device Events and Files...
      [  OK  ] Finished Helper to synchronize boot up for ifupdown.
      [  OK  ] Finished Flush Journal to Persistent Storage.
      [  OK  ] Started Rule-based Manager for Device Events and Files.
               Starting Show Plymouth Boot Screen...
      [  OK  ] Started Show Plymouth Boot Screen.
      [  OK  ] Started Forward Password R…s to Plymouth Directory Watch.
      [  OK  ] Reached target Local Encrypted Volumes.
      [  OK  ] Found device /dev/ttyPS0.
      [  OK  ] Found device /dev/disk/by-partuuid/a22286d2-01.
      [  OK  ] Found device /dev/ttyS0.
      [  OK  ] Finished Wait for udev To Complete Device Initialization.
      [  OK  ] Listening on Load/Save RF …itch Status /dev/rfkill Watch.
               Starting File System Check…isk/by-partuuid/a22286d2-01...
      [  OK  ] Started File System Check Daemon to report status.
      [  OK  ] Finished File System Check…/disk/by-partuuid/a22286d2-01.
               Mounting /boot...
      [  OK  ] Mounted /boot.
      [  OK  ] Reached target Local File Systems.
               Starting Set console font and keymap...
               Starting Raise network interfaces...
               Starting Preprocess NFS configuration...
               Starting Tell Plymouth To Write Out Runtime Data...
               Starting Create Volatile Files and Directories...
      [  OK  ] Finished Set console font and keymap.
      [  OK  ] Finished Preprocess NFS configuration.
      [  OK  ] Reached target NFS client services.
      [  OK  ] Reached target Remote File Systems (Pre).
      [  OK  ] Reached target Remote File Systems.
      [  OK  ] Finished Tell Plymouth To Write Out Runtime Data.
      [  OK  ] Finished Create Volatile Files and Directories.
               Starting Network Time Synchronization...
               Starting Update UTMP about System Boot/Shutdown...
      [  OK  ] Finished Update UTMP about System Boot/Shutdown.
               Starting Load Kernel Modules...
      [  OK  ] Started Network Time Synchronization.
      [  OK  ] Reached target System Time Set.
      [  OK  ] Reached target System Time Synchronized.
      [  OK  ] Finished Raise network interfaces.
      [FAILED] Failed to start Load Kernel Modules.
      See 'systemctl status systemd-modules-load.service' for details.
      [  OK  ] Reached target System Initialization.
      [  OK  ] Started CUPS Scheduler.
      [  OK  ] Started Daily apt download activities.
      [  OK  ] Started Daily apt upgrade and clean activities.
      [  OK  ] Started Periodic ext4 Onli…ata Check for All Filesystems.
      [  OK  ] Started Discard unused blocks once a week.
      [  OK  ] Started Daily rotation of log files.
      [  OK  ] Started Daily man-db regeneration.
      [  OK  ] Started Daily Cleanup of Temporary Directories.
      [  OK  ] Reached target Paths.
      [  OK  ] Reached target Timers.
      [  OK  ] Listening on Avahi mDNS/DNS-SD Stack Activation Socket.
      [  OK  ] Listening on CUPS Scheduler.
      [  OK  ] Listening on D-Bus System Message Bus Socket.
      [  OK  ] Listening on Erlang Port Mapper Daemon Activation Socket.
      [  OK  ] Listening on GPS (Global P…ioning System) Daemon Sockets.
      [  OK  ] Listening on triggerhappy.socket.
      [  OK  ] Reached target Sockets.
      [  OK  ] Reached target Basic System.
               Starting Analog Devices power up/down sequence...
               Starting Avahi mDNS/DNS-SD Stack...
      [  OK  ] Started Regular background program processing daemon.
      [  OK  ] Started D-Bus System Message Bus.
               Starting dphys-swapfile - …unt, and delete a swap file...
               Starting Remove Stale Onli…t4 Metadata Check Snapshots...
      [  OK  ] Started fan-control.
               Starting Fix DP audio and X11 for Jupiter...
               Starting Creating IIOD Context Attributes......
               Starting Authorization Manager...
               Starting DHCP Client Daemon...
               Starting LSB: Switch to on…nless shift key is pressed)...
               Starting LSB: rng-tools (Debian variant)...
               Starting System Logging Service...
               Starting User Login Management...
               Starting triggerhappy global hotkey daemon...
               Starting Disk Manager...
               Starting WPA supplicant...
      [  OK  ] Started triggerhappy global hotkey daemon.
      [  OK  ] Started DHCP Client Daemon.
      [  OK  ] Finished Fix DP audio and X11 for Jupiter.
      [  OK  ] Started System Logging Service.
      [  OK  ] Started LSB: rng-tools (Debian variant).
      [  OK  ] Finished dphys-swapfile - …mount, and delete a swap file.
      [  OK  ] Finished Remove Stale Onli…ext4 Metadata Check Snapshots.
      [  OK  ] Started User Login Management.
      [  OK  ] Started Avahi mDNS/DNS-SD Stack.
      [  OK  ] Started WPA supplicant.
      [  OK  ] Reached target Network.
      [  OK  ] Reached target Network is Online.
               Starting CUPS Scheduler...
      [  OK  ] Started Erlang Port Mapper Daemon.
               Starting HTTP based time synchronization tool...
               Starting Internet superserver...
               Starting /etc/rc.local Compatibility...
               Starting OpenBSD Secure Shell server...
               Starting Permit User Sessions...
      [  OK  ] Started Unattended Upgrades Shutdown.
      [  OK  ] Started /etc/rc.local Compatibility.
      [  OK  ] Started Authorization Manager.
               Starting Modem Manager...
      [  OK  ] Finished Permit User Sessions.
               Starting Light Display Manager...
               Starting Hold until boot process finishes up...
      [  OK  ] Started Internet superserver.
      [  OK  ] Started HTTP based time synchronization tool.
      [  OK  ] Finished Creating IIOD Context Attributes....
      [  OK  ] Started IIO Daemon.
      [  OK  ] Started OpenBSD Secure Shell server.
      [FAILED] Failed to start VNC Server for X11.

      Raspbian GNU/Linux 11 analog ttyPS0

      analog login: root (automatic login)

      Linux analog 6.1.70-284114-g2e8908932dfd #1061 SMP Tue Mar 18 16:40:12 EET 2025 aarch64

      The programs included with the Debian GNU/Linux system are free software;
      the exact distribution terms for each program are described in the
      individual files in /usr/share/doc/*/copyright.

      Debian GNU/Linux comes with ABSOLUTELY NO WARRANTY, to the extent
      permitted by applicable law.
      Last login: Mon Mar 16 13:09:39 GMT 2026 on ttyPS0
      root@analog:~#

Useful commands for the serial terminal
^^^^^^^^^^^^^^^^^^^^^^^^^^^^^^^^^^^^^^^^^^^^^^^^^^^^^^^^^^^^^^^^^^^^^^^^^^^^^^^

The below commands are to be run in the serial terminal connected to the FPGA.

To find out the IP of the FPGA board, run the following command and take the
IP specified at "eth0 inet":

.. shell::

   $ifconfig

To see the IIO devices detected, run:

.. shell::

   $iio_info | grep iio:device

To power off the system, run the following command, and wait for the final
message to be printed, then power off the FPGA board from the switch as well.

.. shell::

   $poweroff

To reboot the system, run:

.. shell::

   $reboot

.. important::

   Even though this is Linux, this is a persistent file system. Care should
   be taken not to corrupt the file system -- always shut down properly, don't
   just turn off the power switch. You can do this from the terminal with
   :code:`sudo shutdown -h now` or the above-mentioned :code:`poweroff` command.
   If you are using a local display connection, you can also use the GUI
   power off button:

   .. image:: ../../images/shutdown.png
      :width: 300

Using no-OS as software
-------------------------------------------------------------------------------

Necessary files
~~~~~~~~~~~~~~~~~~~~~~~~~~~~~~~~~~~~~~~~~~~~~~~~~~~~~~~~~~~~~~~~~~~~~~~~~~~~~~~

The following files are needed for the system to boot:

- HDL boot file: ``system_top.xsa``
- no-OS project: :git-no-os:`projects/adrv9001`

Instructions on how to build the boot files from source can be found below:

 - :external+no-OS:doc:`projects/rf-transceiver/adrv9001`. More no-OS build
   details at :external+no-OS:doc:`build_guide`.

 - :external+hdl:ref:`adrv9001`. More HDL build details at
   :external+hdl:ref:`build_hdl`.

Required software
~~~~~~~~~~~~~~~~~~~~~~~~~~~~~~~~~~~~~~~~~~~~~~~~~~~~~~~~~~~~~~~~~~~~~~~~~~~~~~~

- AMD Xilinx Vivado and Vitis (downloading Vitis from
  `here <https://www.xilinx.com/support/download/index.html/content/xilinx/en/downloadNav/vitis.html>`__
  will include Vivado as well)
- An UART terminal (Putty/Tera Term/Minicom, etc.), Baud rate 115200 (8N1)

Required hardware
~~~~~~~~~~~~~~~~~~~~~~~~~~~~~~~~~~~~~~~~~~~~~~~~~~~~~~~~~~~~~~~~~~~~~~~~~~~~~~~

- AMD Xilinx :xilinx:`ZCU102` Rev 1.0 FPGA board and its power supply
- :adi:`EVAL-ADRV9002` FMC evaluation board
- 2x Micro-USB cables, one for UART and one for JTAG
- 2x SMA cable for loopback

More details as to why you need these, can be found at
:ref:`adrv9002 prerequisites`.

Testing
~~~~~~~~~~~~~~~~~~~~~~~~~~~~~~~~~~~~~~~~~~~~~~~~~~~~~~~~~~~~~~~~~~~~~~~~~~~~~~~

Creating the setup
^^^^^^^^^^^^^^^^^^^^^^^^^^^^^^^^^^^^^^^^^^^^^^^^^^^^^^^^^^^^^^^^^^^^^^^^^^^^^^^

.. image:: ../images/adrv9002_zcu102_noos_setup.jpeg
   :width: 900

.. esd-warning::

.. note::
  This setup is made by creating a physical loopback between the RX and the TX
  channel.

Follow the steps in this order, to avoid damaging the components:

#. Connect the :adi:`EVAL-ADRV9002` FMC board to the
   FPGA carrier **HPC0** FMC socket (J5).
#. Configure :xilinx:`ZCU102` for JTAG boot mode (mode SW6[4:1] switch in
   the position **ON,ON,ON,ON**).
#. Connect USB UART (Micro-USB) to your host PC (J83).
#. Connect USB JTAG (Micro-USB) to your host PC (J2).
#. Connect the power supply for the FPGA.
#. Turn on the power switch on the FPGA board.
#. Build and run the project using the steps shown in
   :external+no-OS:doc:`here <projects/rf-transceiver/adrv9001>`.
#. Observe console output messages on your terminal (use the first ttyUSB or
   COM port registered).

.. seealso::
   For more detailed information on ZCU102 switch configuration, check the
   *ZCU102 Hardware User Guide* (chapter "MPSoC Device Configuration")
   `here <https://docs.amd.com/v/u/en-US/ug1182-zcu102-eval-bd>`__.

Console output
^^^^^^^^^^^^^^^^^^^^^^^^^^^^^^^^^^^^^^^^^^^^^^^^^^^^^^^^^^^^^^^^^^^^^^^^^^^^^^^

The following is what is printed in the serial console, after you have
connected to the proper ttyUSB or COM port:

.. Replace here the complete boot log from the setup
.. collapsible:: Complete boot log

   ::

    Terminal ready
    Zynq MP First Stage Boot Loader
    Release 2023.2   Mar 16 2026   -   13:33:14
    PMU-FW is not running, certain applications may not be supported.
    Hello
    ADRV9002 Rev 12.0, Firmware 0.22.39,  Stream 0.7.15.0,  API version: 68.14.13 successfully initialized
    axi-adrv9002-rx-lpc: Successfully initialized (61437988 Hz)
    axi-adrv9002-tx-lpc: Successfully initialized (61437988 Hz)
    axi-adrv9002-rx2-lpc: Successfully initialized (61437988 Hz)
    axi-adrv9002-tx2-lpc: Successfully initialized (61437988 Hz)
    Bye
